// Jest Snapshot v1, https://goo.gl/fbAQLP

exports[`StacksComponent should match the snapshot 1`] = `
<my-stack-stacks
  __ngContext__={[Function Number]}
>
  <my-stack-stacks-overview>
    <div
      class="px-4"
    >
      <h1>
        Stacks
      </h1>
      <mat-divider
        aria-orientation="horizontal"
        class="mat-divider mat-divider-horizontal"
        role="separator"
      />
      <div
        class="grid xl:grid-cols-8 lg:grid-cols-6 md:grid-cols-4 sm:grid-cols-3 grid-cols-2 gap-4 mt-3 h-100"
      >
        <my-stack-stack>
          <div
            class="flex flex-col items-center justify-items-center cursor-pointer"
          >
            <mat-card
              class="mat-mdc-card mdc-card h-[144px] w-[144px]"
            />
            <span
              class="mt-2"
            >
              test-0
            </span>
          </div>
        </my-stack-stack>
        <my-stack-stack>
          <div
            class="flex flex-col items-center justify-items-center cursor-pointer"
          >
            <mat-card
              class="mat-mdc-card mdc-card h-[144px] w-[144px]"
            />
            <span
              class="mt-2"
            >
              test-1
            </span>
          </div>
        </my-stack-stack>
        <my-stack-stack>
          <div
            class="flex flex-col items-center justify-items-center cursor-pointer"
          >
            <mat-card
              class="mat-mdc-card mdc-card h-[144px] w-[144px]"
            />
            <span
              class="mt-2"
            >
              test-2
            </span>
          </div>
        </my-stack-stack>
        <my-stack-stack>
          <div
            class="flex flex-col items-center justify-items-center cursor-pointer"
          >
            <mat-card
              class="mat-mdc-card mdc-card h-[144px] w-[144px]"
            />
            <span
              class="mt-2"
            >
              test-3
            </span>
          </div>
        </my-stack-stack>
        <my-stack-stack>
          <div
            class="flex flex-col items-center justify-items-center cursor-pointer"
          >
            <mat-card
              class="mat-mdc-card mdc-card h-[144px] w-[144px]"
            />
            <span
              class="mt-2"
            >
              test-4
            </span>
          </div>
        </my-stack-stack>
        <my-stack-stack>
          <div
            class="flex flex-col items-center justify-items-center cursor-pointer"
          >
            <mat-card
              class="mat-mdc-card mdc-card h-[144px] w-[144px]"
            />
            <span
              class="mt-2"
            >
              test-5
            </span>
          </div>
        </my-stack-stack>
        <my-stack-stack>
          <div
            class="flex flex-col items-center justify-items-center cursor-pointer"
          >
            <mat-card
              class="mat-mdc-card mdc-card h-[144px] w-[144px]"
            />
            <span
              class="mt-2"
            >
              test-6
            </span>
          </div>
        </my-stack-stack>
        <my-stack-stack>
          <div
            class="flex flex-col items-center justify-items-center cursor-pointer"
          >
            <mat-card
              class="mat-mdc-card mdc-card h-[144px] w-[144px]"
            />
            <span
              class="mt-2"
            >
              test-7
            </span>
          </div>
        </my-stack-stack>
        <my-stack-stack>
          <div
            class="flex flex-col items-center justify-items-center cursor-pointer"
          >
            <mat-card
              class="mat-mdc-card mdc-card h-[144px] w-[144px]"
            />
            <span
              class="mt-2"
            >
              test-8
            </span>
          </div>
        </my-stack-stack>
        <my-stack-stack>
          <div
            class="flex flex-col items-center justify-items-center cursor-pointer"
          >
            <mat-card
              class="mat-mdc-card mdc-card h-[144px] w-[144px]"
            />
            <span
              class="mt-2"
            >
              test-9
            </span>
          </div>
        </my-stack-stack>
      </div>
    </div>
  </my-stack-stacks-overview>
</my-stack-stacks>
`;
